------------------------------------------------------------
Timing Analyzer Summary
------------------------------------------------------------

Type  : Slow 1100mV 85C Model Setup 'clk_div:CLK25|clk25'
Slack : -9.927
TNS   : -2080.431

Type  : Slow 1100mV 85C Model Setup 'clk'
Slack : -6.357
TNS   : -197.006

Type  : Slow 1100mV 85C Model Hold 'clk_div:CLK25|clk25'
Slack : 0.164
TNS   : 0.000

Type  : Slow 1100mV 85C Model Hold 'clk'
Slack : 0.376
TNS   : 0.000

Type  : Slow 1100mV 85C Model Recovery 'clk_div:CLK25|clk25'
Slack : -2.675
TNS   : -162.843

Type  : Slow 1100mV 85C Model Removal 'clk_div:CLK25|clk25'
Slack : 0.573
TNS   : 0.000

Type  : Slow 1100mV 85C Model Minimum Pulse Width 'clk'
Slack : -0.646
TNS   : -36.386

Type  : Slow 1100mV 85C Model Minimum Pulse Width 'clk_div:CLK25|clk25'
Slack : -0.578
TNS   : -263.439

Type  : Slow 1100mV 0C Model Setup 'clk_div:CLK25|clk25'
Slack : -9.795
TNS   : -2043.382

Type  : Slow 1100mV 0C Model Setup 'clk'
Slack : -6.219
TNS   : -192.908

Type  : Slow 1100mV 0C Model Hold 'clk_div:CLK25|clk25'
Slack : 0.180
TNS   : 0.000

Type  : Slow 1100mV 0C Model Hold 'clk'
Slack : 0.318
TNS   : 0.000

Type  : Slow 1100mV 0C Model Recovery 'clk_div:CLK25|clk25'
Slack : -2.596
TNS   : -157.030

Type  : Slow 1100mV 0C Model Removal 'clk_div:CLK25|clk25'
Slack : 0.548
TNS   : 0.000

Type  : Slow 1100mV 0C Model Minimum Pulse Width 'clk'
Slack : -0.694
TNS   : -33.674

Type  : Slow 1100mV 0C Model Minimum Pulse Width 'clk_div:CLK25|clk25'
Slack : -0.491
TNS   : -251.688

Type  : Fast 1100mV 85C Model Setup 'clk_div:CLK25|clk25'
Slack : -5.660
TNS   : -1143.351

Type  : Fast 1100mV 85C Model Setup 'clk'
Slack : -3.803
TNS   : -99.865

Type  : Fast 1100mV 85C Model Hold 'clk_div:CLK25|clk25'
Slack : -0.021
TNS   : -0.360

Type  : Fast 1100mV 85C Model Hold 'clk'
Slack : 0.182
TNS   : 0.000

Type  : Fast 1100mV 85C Model Recovery 'clk_div:CLK25|clk25'
Slack : -1.173
TNS   : -75.406

Type  : Fast 1100mV 85C Model Removal 'clk_div:CLK25|clk25'
Slack : 0.019
TNS   : 0.000

Type  : Fast 1100mV 85C Model Minimum Pulse Width 'clk'
Slack : -0.774
TNS   : -25.238

Type  : Fast 1100mV 85C Model Minimum Pulse Width 'clk_div:CLK25|clk25'
Slack : -0.297
TNS   : -47.383

Type  : Fast 1100mV 0C Model Setup 'clk_div:CLK25|clk25'
Slack : -4.995
TNS   : -1012.553

Type  : Fast 1100mV 0C Model Setup 'clk'
Slack : -3.371
TNS   : -87.572

Type  : Fast 1100mV 0C Model Hold 'clk_div:CLK25|clk25'
Slack : 0.040
TNS   : 0.000

Type  : Fast 1100mV 0C Model Hold 'clk'
Slack : 0.173
TNS   : 0.000

Type  : Fast 1100mV 0C Model Recovery 'clk_div:CLK25|clk25'
Slack : -1.024
TNS   : -67.877

Type  : Fast 1100mV 0C Model Removal 'clk_div:CLK25|clk25'
Slack : 0.090
TNS   : 0.000

Type  : Fast 1100mV 0C Model Minimum Pulse Width 'clk'
Slack : -0.818
TNS   : -29.979

Type  : Fast 1100mV 0C Model Minimum Pulse Width 'clk_div:CLK25|clk25'
Slack : -0.220
TNS   : -31.677

------------------------------------------------------------
