Flow report for connect_four
Mon May 05 01:13:41 2025
Quartus Prime Version 18.1.0 Build 625 09/12/2018 SJ Lite Edition


---------------------
; Table of Contents ;
---------------------
  1. Legal Notice
  2. Flow Summary
  3. Flow Settings
  4. Flow Non-Default Global Settings
  5. Flow Elapsed Time
  6. Flow OS Summary
  7. Flow Log
  8. Flow Messages
  9. Flow Suppressed Messages



----------------
; Legal Notice ;
----------------
Copyright (C) 2018  Intel Corporation. All rights reserved.
Your use of Intel Corporation's design tools, logic functions 
and other software and tools, and its AMPP partner logic 
functions, and any output files from any of the foregoing 
(including device programming or simulation files), and any 
associated documentation or information are expressly subject 
to the terms and conditions of the Intel Program License 
Subscription Agreement, the Intel Quartus Prime License Agreement,
the Intel FPGA IP License Agreement, or other applicable license
agreement, including, without limitation, that your use is for
the sole purpose of programming logic devices manufactured by
Intel and sold by Intel or its authorized distributors.  Please
refer to the applicable agreement for further details.



+-------------------------------------------------------------------------------+
; Flow Summary                                                                  ;
+---------------------------------+---------------------------------------------+
; Flow Status                     ; Successful - Mon May 05 01:13:41 2025       ;
; Quartus Prime Version           ; 18.1.0 Build 625 09/12/2018 SJ Lite Edition ;
; Revision Name                   ; connect_four                                ;
; Top-level Entity Name           ; connect_four                                ;
; Family                          ; Cyclone V                                   ;
; Device                          ; 5CSXFC6D6F31C6                              ;
; Timing Models                   ; Final                                       ;
; Logic utilization (in ALMs)     ; 7,434 / 41,910 ( 18 % )                     ;
; Total registers                 ; 1281                                        ;
; Total pins                      ; 90 / 499 ( 18 % )                           ;
; Total virtual pins              ; 0                                           ;
; Total block memory bits         ; 4,608 / 5,662,720 ( < 1 % )                 ;
; Total DSP Blocks                ; 4 / 112 ( 4 % )                             ;
; Total HSSI RX PCSs              ; 0 / 9 ( 0 % )                               ;
; Total HSSI PMA RX Deserializers ; 0 / 9 ( 0 % )                               ;
; Total HSSI TX PCSs              ; 0 / 9 ( 0 % )                               ;
; Total HSSI PMA TX Serializers   ; 0 / 9 ( 0 % )                               ;
; Total PLLs                      ; 0 / 15 ( 0 % )                              ;
; Total DLLs                      ; 0 / 4 ( 0 % )                               ;
+---------------------------------+---------------------------------------------+


+-----------------------------------------+
; Flow Settings                           ;
+-------------------+---------------------+
; Option            ; Setting             ;
+-------------------+---------------------+
; Start date & time ; 05/05/2025 01:05:55 ;
; Main task         ; Compilation         ;
; Revision Name     ; connect_four        ;
+-------------------+---------------------+


+-------------------------------------------------------------------------------------------------------------------------------------------------------------------------------------------------------------------------------------------------+
; Flow Non-Default Global Settings                                                                                                                                                                                                                ;
+--------------------------------------+------------------------------------------------------------------------------------------------------------------------------------------------------+---------------+-------------+---------------------+
; Assignment Name                      ; Value                                                                                                                                                ; Default Value ; Entity Name ; Section Id          ;
+--------------------------------------+------------------------------------------------------------------------------------------------------------------------------------------------------+---------------+-------------+---------------------+
; COMPILER_SIGNATURE_ID                ; 153951931180250.174642875523408                                                                                                                      ; --            ; --          ; --                  ;
; EDA_DESIGN_INSTANCE_NAME             ; NA                                                                                                                                                   ; --            ; --          ; tb_Mouse_Controller ;
; EDA_NATIVELINK_SIMULATION_TEST_BENCH ; tb_Mouse_Controller                                                                                                                                  ; --            ; --          ; eda_simulation      ;
; EDA_OUTPUT_DATA_FORMAT               ; Systemverilog Hdl                                                                                                                                    ; --            ; --          ; eda_simulation      ;
; EDA_SIMULATION_TOOL                  ; ModelSim-Altera (SystemVerilog)                                                                                                                      ; <None>        ; --          ; --                  ;
; EDA_TEST_BENCH_ENABLE_STATUS         ; TEST_BENCH_MODE                                                                                                                                      ; --            ; --          ; eda_simulation      ;
; EDA_TEST_BENCH_FILE                  ; tb_Mouse_Controller.sv                                                                                                                               ; --            ; --          ; tb_Mouse_Controller ;
; EDA_TEST_BENCH_MODULE_NAME           ; tb_Mouse_Controller                                                                                                                                  ; --            ; --          ; tb_Mouse_Controller ;
; EDA_TEST_BENCH_NAME                  ; tb_Mouse_Controller                                                                                                                                  ; --            ; --          ; eda_simulation      ;
; EDA_TIME_SCALE                       ; 1 ps                                                                                                                                                 ; --            ; --          ; eda_simulation      ;
; ENABLE_SIGNALTAP                     ; On                                                                                                                                                   ; --            ; --          ; --                  ;
; MAX_CORE_JUNCTION_TEMP               ; 85                                                                                                                                                   ; --            ; --          ; --                  ;
; MIN_CORE_JUNCTION_TEMP               ; 0                                                                                                                                                    ; --            ; --          ; --                  ;
; PARTITION_COLOR                      ; -- (Not supported for targeted family)                                                                                                               ; --            ; --          ; Top                 ;
; PARTITION_FITTER_PRESERVATION_LEVEL  ; -- (Not supported for targeted family)                                                                                                               ; --            ; --          ; Top                 ;
; PARTITION_NETLIST_TYPE               ; -- (Not supported for targeted family)                                                                                                               ; --            ; --          ; Top                 ;
; POWER_BOARD_THERMAL_MODEL            ; None (CONSERVATIVE)                                                                                                                                  ; --            ; --          ; --                  ;
; POWER_PRESET_COOLING_SOLUTION        ; 23 MM HEAT SINK WITH 200 LFPM AIRFLOW                                                                                                                ; --            ; --          ; --                  ;
; PROJECT_OUTPUT_DIRECTORY             ; output_files                                                                                                                                         ; --            ; --          ; --                  ;
; SLD_FILE                             ; db/prueba_auto_stripped.stp                                                                                                                          ; --            ; --          ; --                  ;
; SLD_NODE_CREATOR_ID                  ; 110                                                                                                                                                  ; --            ; --          ; auto_signaltap_0    ;
; SLD_NODE_ENTITY_NAME                 ; sld_signaltap                                                                                                                                        ; --            ; --          ; auto_signaltap_0    ;
; SLD_NODE_PARAMETER_ASSIGNMENT        ; SLD_RAM_BLOCK_TYPE=AUTO                                                                                                                              ; --            ; --          ; auto_signaltap_0    ;
; SLD_NODE_PARAMETER_ASSIGNMENT        ; SLD_NODE_INFO=805334528                                                                                                                              ; --            ; --          ; auto_signaltap_0    ;
; SLD_NODE_PARAMETER_ASSIGNMENT        ; SLD_POWER_UP_TRIGGER=0                                                                                                                               ; --            ; --          ; auto_signaltap_0    ;
; SLD_NODE_PARAMETER_ASSIGNMENT        ; SLD_STORAGE_QUALIFIER_INVERSION_MASK_LENGTH=0                                                                                                        ; --            ; --          ; auto_signaltap_0    ;
; SLD_NODE_PARAMETER_ASSIGNMENT        ; SLD_SEGMENT_SIZE=128                                                                                                                                 ; --            ; --          ; auto_signaltap_0    ;
; SLD_NODE_PARAMETER_ASSIGNMENT        ; SLD_ATTRIBUTE_MEM_MODE=OFF                                                                                                                           ; --            ; --          ; auto_signaltap_0    ;
; SLD_NODE_PARAMETER_ASSIGNMENT        ; SLD_STATE_FLOW_USE_GENERATED=0                                                                                                                       ; --            ; --          ; auto_signaltap_0    ;
; SLD_NODE_PARAMETER_ASSIGNMENT        ; SLD_STATE_BITS=11                                                                                                                                    ; --            ; --          ; auto_signaltap_0    ;
; SLD_NODE_PARAMETER_ASSIGNMENT        ; SLD_BUFFER_FULL_STOP=1                                                                                                                               ; --            ; --          ; auto_signaltap_0    ;
; SLD_NODE_PARAMETER_ASSIGNMENT        ; SLD_CURRENT_RESOURCE_WIDTH=1                                                                                                                         ; --            ; --          ; auto_signaltap_0    ;
; SLD_NODE_PARAMETER_ASSIGNMENT        ; SLD_INCREMENTAL_ROUTING=1                                                                                                                            ; --            ; --          ; auto_signaltap_0    ;
; SLD_NODE_PARAMETER_ASSIGNMENT        ; SLD_SAMPLE_DEPTH=128                                                                                                                                 ; --            ; --          ; auto_signaltap_0    ;
; SLD_NODE_PARAMETER_ASSIGNMENT        ; SLD_TRIGGER_IN_ENABLED=0                                                                                                                             ; --            ; --          ; auto_signaltap_0    ;
; SLD_NODE_PARAMETER_ASSIGNMENT        ; SLD_TRIGGER_PIPELINE=0                                                                                                                               ; --            ; --          ; auto_signaltap_0    ;
; SLD_NODE_PARAMETER_ASSIGNMENT        ; SLD_RAM_PIPELINE=0                                                                                                                                   ; --            ; --          ; auto_signaltap_0    ;
; SLD_NODE_PARAMETER_ASSIGNMENT        ; SLD_COUNTER_PIPELINE=0                                                                                                                               ; --            ; --          ; auto_signaltap_0    ;
; SLD_NODE_PARAMETER_ASSIGNMENT        ; SLD_TRIGGER_LEVEL_PIPELINE=1                                                                                                                         ; --            ; --          ; auto_signaltap_0    ;
; SLD_NODE_PARAMETER_ASSIGNMENT        ; SLD_ENABLE_ADVANCED_TRIGGER=0                                                                                                                        ; --            ; --          ; auto_signaltap_0    ;
; SLD_NODE_PARAMETER_ASSIGNMENT        ; SLD_TRIGGER_LEVEL=1                                                                                                                                  ; --            ; --          ; auto_signaltap_0    ;
; SLD_NODE_PARAMETER_ASSIGNMENT        ; SLD_ADVANCED_TRIGGER_ENTITY=basic,1,                                                                                                                 ; --            ; --          ; auto_signaltap_0    ;
; SLD_NODE_PARAMETER_ASSIGNMENT        ; SLD_DATA_BITS=36                                                                                                                                     ; --            ; --          ; auto_signaltap_0    ;
; SLD_NODE_PARAMETER_ASSIGNMENT        ; SLD_TRIGGER_BITS=36                                                                                                                                  ; --            ; --          ; auto_signaltap_0    ;
; SLD_NODE_PARAMETER_ASSIGNMENT        ; SLD_STORAGE_QUALIFIER_BITS=36                                                                                                                        ; --            ; --          ; auto_signaltap_0    ;
; SLD_NODE_PARAMETER_ASSIGNMENT        ; SLD_INVERSION_MASK=000000000000000000000000000000000000000000000000000000000000000000000000000000000000000000000000000000000000000000000000000000000 ; --            ; --          ; auto_signaltap_0    ;
; SLD_NODE_PARAMETER_ASSIGNMENT        ; SLD_INVERSION_MASK_LENGTH=129                                                                                                                        ; --            ; --          ; auto_signaltap_0    ;
; USE_SIGNALTAP_FILE                   ; prueba.stp                                                                                                                                           ; --            ; --          ; --                  ;
+--------------------------------------+------------------------------------------------------------------------------------------------------------------------------------------------------+---------------+-------------+---------------------+


+--------------------------------------------------------------------------------------------------------------------------+
; Flow Elapsed Time                                                                                                        ;
+----------------------+--------------+-------------------------+---------------------+------------------------------------+
; Module Name          ; Elapsed Time ; Average Processors Used ; Peak Virtual Memory ; Total CPU Time (on all processors) ;
+----------------------+--------------+-------------------------+---------------------+------------------------------------+
; Analysis & Synthesis ; 00:03:58     ; 1.0                     ; 5862 MB             ; 00:04:19                           ;
; Fitter               ; 00:02:51     ; 1.3                     ; 6724 MB             ; 00:07:01                           ;
; Assembler            ; 00:00:14     ; 1.0                     ; 4920 MB             ; 00:00:13                           ;
; Timing Analyzer      ; 00:00:25     ; 2.4                     ; 5294 MB             ; 00:00:55                           ;
; EDA Netlist Writer   ; 00:00:09     ; 1.0                     ; 4877 MB             ; 00:00:09                           ;
; Total                ; 00:07:37     ; --                      ; --                  ; 00:12:37                           ;
+----------------------+--------------+-------------------------+---------------------+------------------------------------+


+------------------------------------------------------------------------------------+
; Flow OS Summary                                                                    ;
+----------------------+------------------+------------+------------+----------------+
; Module Name          ; Machine Hostname ; OS Name    ; OS Version ; Processor type ;
+----------------------+------------------+------------+------------+----------------+
; Analysis & Synthesis ; DellCE           ; Windows 10 ; 10.0       ; x86_64         ;
; Fitter               ; DellCE           ; Windows 10 ; 10.0       ; x86_64         ;
; Assembler            ; DellCE           ; Windows 10 ; 10.0       ; x86_64         ;
; Timing Analyzer      ; DellCE           ; Windows 10 ; 10.0       ; x86_64         ;
; EDA Netlist Writer   ; DellCE           ; Windows 10 ; 10.0       ; x86_64         ;
+----------------------+------------------+------------+------------+----------------+


------------
; Flow Log ;
------------
quartus_map --read_settings_files=on --write_settings_files=off connect_four -c connect_four
quartus_fit --read_settings_files=off --write_settings_files=off connect_four -c connect_four
quartus_asm --read_settings_files=off --write_settings_files=off connect_four -c connect_four
quartus_sta connect_four -c connect_four
quartus_eda --read_settings_files=off --write_settings_files=off connect_four -c connect_four



