Analysis & Synthesis report for Top_Calc
Thu Mar 27 23:59:10 2025
Quartus Prime Version 18.1.0 Build 625 09/12/2018 SJ Lite Edition


---------------------
; Table of Contents ;
---------------------
  1. Legal Notice
  2. Analysis & Synthesis Summary
  3. Analysis & Synthesis Settings
  4. Parallel Compilation
  5. Analysis & Synthesis Source Files Read
  6. Analysis & Synthesis Resource Usage Summary
  7. Analysis & Synthesis Resource Utilization by Entity
  8. Registers Removed During Synthesis
  9. General Register Statistics
 10. Multiplexer Restructuring Statistics (Restructuring Performed)
 11. Parameter Settings for User Entity Instance: ALU:alu_inst
 12. Parameter Settings for User Entity Instance: ALU:alu_inst|top_mod:mod_inst
 13. Parameter Settings for User Entity Instance: ALU:alu_inst|top_div:div_inst
 14. Parameter Settings for User Entity Instance: ALU:alu_inst|Multiplier:multi_inst
 15. Parameter Settings for User Entity Instance: ALU:alu_inst|FullAdder:adder_inst
 16. Parameter Settings for User Entity Instance: ALU:alu_inst|top_sub:sub_inst
 17. Parameter Settings for Inferred Entity Instance: Decoder:dec_inst|lpm_divide:Mod0
 18. Port Connectivity Checks: "ALU:alu_inst|top_sub:sub_inst"
 19. Port Connectivity Checks: "ALU:alu_inst|FullAdder:adder_inst"
 20. Post-Synthesis Netlist Statistics for Top Partition
 21. Elapsed Time Per Partition
 22. Analysis & Synthesis Messages



----------------
; Legal Notice ;
----------------
Copyright (C) 2018  Intel Corporation. All rights reserved.
Your use of Intel Corporation's design tools, logic functions 
and other software and tools, and its AMPP partner logic 
functions, and any output files from any of the foregoing 
(including device programming or simulation files), and any 
associated documentation or information are expressly subject 
to the terms and conditions of the Intel Program License 
Subscription Agreement, the Intel Quartus Prime License Agreement,
the Intel FPGA IP License Agreement, or other applicable license
agreement, including, without limitation, that your use is for
the sole purpose of programming logic devices manufactured by
Intel and sold by Intel or its authorized distributors.  Please
refer to the applicable agreement for further details.



+-------------------------------------------------------------------------------+
; Analysis & Synthesis Summary                                                  ;
+---------------------------------+---------------------------------------------+
; Analysis & Synthesis Status     ; Successful - Thu Mar 27 23:59:10 2025       ;
; Quartus Prime Version           ; 18.1.0 Build 625 09/12/2018 SJ Lite Edition ;
; Revision Name                   ; Top_Calc                                    ;
; Top-level Entity Name           ; Top_Calc                                    ;
; Family                          ; Cyclone V                                   ;
; Logic utilization (in ALMs)     ; N/A                                         ;
; Total registers                 ; 12                                          ;
; Total pins                      ; 59                                          ;
; Total virtual pins              ; 0                                           ;
; Total block memory bits         ; 0                                           ;
; Total DSP Blocks                ; 0                                           ;
; Total HSSI RX PCSs              ; 0                                           ;
; Total HSSI PMA RX Deserializers ; 0                                           ;
; Total HSSI TX PCSs              ; 0                                           ;
; Total HSSI PMA TX Serializers   ; 0                                           ;
; Total PLLs                      ; 0                                           ;
; Total DLLs                      ; 0                                           ;
+---------------------------------+---------------------------------------------+


+---------------------------------------------------------------------------------------------------------------------------+
; Analysis & Synthesis Settings                                                                                             ;
+---------------------------------------------------------------------------------+--------------------+--------------------+
; Option                                                                          ; Setting            ; Default Value      ;
+---------------------------------------------------------------------------------+--------------------+--------------------+
; Device                                                                          ; 5CSXFC6D6F31C6     ;                    ;
; Top-level entity name                                                           ; Top_Calc           ; Top_Calc           ;
; Family name                                                                     ; Cyclone V          ; Cyclone V          ;
; Use smart compilation                                                           ; Off                ; Off                ;
; Enable parallel Assembler and Timing Analyzer during compilation                ; On                 ; On                 ;
; Enable compact report table                                                     ; Off                ; Off                ;
; Restructure Multiplexers                                                        ; Auto               ; Auto               ;
; MLAB Add Timing Constraints For Mixed-Port Feed-Through Mode Setting Don't Care ; Off                ; Off                ;
; Create Debugging Nodes for IP Cores                                             ; Off                ; Off                ;
; Preserve fewer node names                                                       ; On                 ; On                 ;
; Intel FPGA IP Evaluation Mode                                                   ; Enable             ; Enable             ;
; Verilog Version                                                                 ; Verilog_2001       ; Verilog_2001       ;
; VHDL Version                                                                    ; VHDL_1993          ; VHDL_1993          ;
; State Machine Processing                                                        ; Auto               ; Auto               ;
; Safe State Machine                                                              ; Off                ; Off                ;
; Extract Verilog State Machines                                                  ; On                 ; On                 ;
; Extract VHDL State Machines                                                     ; On                 ; On                 ;
; Ignore Verilog initial constructs                                               ; Off                ; Off                ;
; Iteration limit for constant Verilog loops                                      ; 5000               ; 5000               ;
; Iteration limit for non-constant Verilog loops                                  ; 250                ; 250                ;
; Add Pass-Through Logic to Inferred RAMs                                         ; On                 ; On                 ;
; Infer RAMs from Raw Logic                                                       ; On                 ; On                 ;
; Parallel Synthesis                                                              ; On                 ; On                 ;
; DSP Block Balancing                                                             ; Auto               ; Auto               ;
; NOT Gate Push-Back                                                              ; On                 ; On                 ;
; Power-Up Don't Care                                                             ; On                 ; On                 ;
; Remove Redundant Logic Cells                                                    ; Off                ; Off                ;
; Remove Duplicate Registers                                                      ; On                 ; On                 ;
; Ignore CARRY Buffers                                                            ; Off                ; Off                ;
; Ignore CASCADE Buffers                                                          ; Off                ; Off                ;
; Ignore GLOBAL Buffers                                                           ; Off                ; Off                ;
; Ignore ROW GLOBAL Buffers                                                       ; Off                ; Off                ;
; Ignore LCELL Buffers                                                            ; Off                ; Off                ;
; Ignore SOFT Buffers                                                             ; On                 ; On                 ;
; Limit AHDL Integers to 32 Bits                                                  ; Off                ; Off                ;
; Optimization Technique                                                          ; Balanced           ; Balanced           ;
; Carry Chain Length                                                              ; 70                 ; 70                 ;
; Auto Carry Chains                                                               ; On                 ; On                 ;
; Auto Open-Drain Pins                                                            ; On                 ; On                 ;
; Perform WYSIWYG Primitive Resynthesis                                           ; Off                ; Off                ;
; Auto ROM Replacement                                                            ; On                 ; On                 ;
; Auto RAM Replacement                                                            ; On                 ; On                 ;
; Auto DSP Block Replacement                                                      ; On                 ; On                 ;
; Auto Shift Register Replacement                                                 ; Auto               ; Auto               ;
; Allow Shift Register Merging across Hierarchies                                 ; Auto               ; Auto               ;
; Auto Clock Enable Replacement                                                   ; On                 ; On                 ;
; Strict RAM Replacement                                                          ; Off                ; Off                ;
; Allow Synchronous Control Signals                                               ; On                 ; On                 ;
; Force Use of Synchronous Clear Signals                                          ; Off                ; Off                ;
; Auto Resource Sharing                                                           ; Off                ; Off                ;
; Allow Any RAM Size For Recognition                                              ; Off                ; Off                ;
; Allow Any ROM Size For Recognition                                              ; Off                ; Off                ;
; Allow Any Shift Register Size For Recognition                                   ; Off                ; Off                ;
; Use LogicLock Constraints during Resource Balancing                             ; On                 ; On                 ;
; Ignore translate_off and synthesis_off directives                               ; Off                ; Off                ;
; Timing-Driven Synthesis                                                         ; On                 ; On                 ;
; Report Parameter Settings                                                       ; On                 ; On                 ;
; Report Source Assignments                                                       ; On                 ; On                 ;
; Report Connectivity Checks                                                      ; On                 ; On                 ;
; Ignore Maximum Fan-Out Assignments                                              ; Off                ; Off                ;
; Synchronization Register Chain Length                                           ; 3                  ; 3                  ;
; Power Optimization During Synthesis                                             ; Normal compilation ; Normal compilation ;
; HDL message level                                                               ; Level2             ; Level2             ;
; Suppress Register Optimization Related Messages                                 ; Off                ; Off                ;
; Number of Removed Registers Reported in Synthesis Report                        ; 5000               ; 5000               ;
; Number of Swept Nodes Reported in Synthesis Report                              ; 5000               ; 5000               ;
; Number of Inverted Registers Reported in Synthesis Report                       ; 100                ; 100                ;
; Clock MUX Protection                                                            ; On                 ; On                 ;
; Auto Gated Clock Conversion                                                     ; Off                ; Off                ;
; Block Design Naming                                                             ; Auto               ; Auto               ;
; SDC constraint protection                                                       ; Off                ; Off                ;
; Synthesis Effort                                                                ; Auto               ; Auto               ;
; Shift Register Replacement - Allow Asynchronous Clear Signal                    ; On                 ; On                 ;
; Pre-Mapping Resynthesis Optimization                                            ; Off                ; Off                ;
; Analysis & Synthesis Message Level                                              ; Medium             ; Medium             ;
; Disable Register Merging Across Hierarchies                                     ; Auto               ; Auto               ;
; Resource Aware Inference For Block RAM                                          ; On                 ; On                 ;
; Automatic Parallel Synthesis                                                    ; On                 ; On                 ;
; Partial Reconfiguration Bitstream ID                                            ; Off                ; Off                ;
+---------------------------------------------------------------------------------+--------------------+--------------------+


+------------------------------------------+
; Parallel Compilation                     ;
+----------------------------+-------------+
; Processors                 ; Number      ;
+----------------------------+-------------+
; Number detected on machine ; 8           ;
; Maximum allowed            ; 4           ;
;                            ;             ;
; Average used               ; 1.00        ;
; Maximum used               ; 4           ;
;                            ;             ;
; Usage by Processor         ; % Time Used ;
;     Processor 1            ; 100.0%      ;
;     Processors 2-4         ;   0.0%      ;
+----------------------------+-------------+


+-----------------------------------------------------------------------------------------------------------------------------------------------------------------------------------------------------------+
; Analysis & Synthesis Source Files Read                                                                                                                                                                    ;
+----------------------------------+-----------------+------------------------------+-------------------------------------------------------------------------------------------------------------+---------+
; File Name with User-Entered Path ; Used in Netlist ; File Type                    ; File Name with Absolute Path                                                                                ; Library ;
+----------------------------------+-----------------+------------------------------+-------------------------------------------------------------------------------------------------------------+---------+
; top_sub.sv                       ; yes             ; User SystemVerilog HDL File  ; C:/Users/josee/joscCE_JimF04_Sebas36762_digital_design_lab_2025/lab_2/problema_1/top_sub.sv                 ;         ;
; top_mod.sv                       ; yes             ; User SystemVerilog HDL File  ; C:/Users/josee/joscCE_JimF04_Sebas36762_digital_design_lab_2025/lab_2/problema_1/top_mod.sv                 ;         ;
; top_div.sv                       ; yes             ; User SystemVerilog HDL File  ; C:/Users/josee/joscCE_JimF04_Sebas36762_digital_design_lab_2025/lab_2/problema_1/top_div.sv                 ;         ;
; Top_Calc.sv                      ; yes             ; User SystemVerilog HDL File  ; C:/Users/josee/joscCE_JimF04_Sebas36762_digital_design_lab_2025/lab_2/problema_1/Top_Calc.sv                ;         ;
; Multiplier.sv                    ; yes             ; User SystemVerilog HDL File  ; C:/Users/josee/joscCE_JimF04_Sebas36762_digital_design_lab_2025/lab_2/problema_1/Multiplier.sv              ;         ;
; fulladderbit.sv                  ; yes             ; User SystemVerilog HDL File  ; C:/Users/josee/joscCE_JimF04_Sebas36762_digital_design_lab_2025/lab_2/problema_1/fulladderbit.sv            ;         ;
; FullAdder.sv                     ; yes             ; User SystemVerilog HDL File  ; C:/Users/josee/joscCE_JimF04_Sebas36762_digital_design_lab_2025/lab_2/problema_1/FullAdder.sv               ;         ;
; ALU.sv                           ; yes             ; User SystemVerilog HDL File  ; C:/Users/josee/joscCE_JimF04_Sebas36762_digital_design_lab_2025/lab_2/problema_1/ALU.sv                     ;         ;
; Decoder.sv                       ; yes             ; User SystemVerilog HDL File  ; C:/Users/josee/joscCE_JimF04_Sebas36762_digital_design_lab_2025/lab_2/problema_1/Decoder.sv                 ;         ;
; Decoder_bin.sv                   ; yes             ; User SystemVerilog HDL File  ; C:/Users/josee/joscCE_JimF04_Sebas36762_digital_design_lab_2025/lab_2/problema_1/Decoder_bin.sv             ;         ;
; lpm_divide.tdf                   ; yes             ; Megafunction                 ; c:/intelfpga_lite/18.1/quartus/libraries/megafunctions/lpm_divide.tdf                                       ;         ;
; abs_divider.inc                  ; yes             ; Megafunction                 ; c:/intelfpga_lite/18.1/quartus/libraries/megafunctions/abs_divider.inc                                      ;         ;
; sign_div_unsign.inc              ; yes             ; Megafunction                 ; c:/intelfpga_lite/18.1/quartus/libraries/megafunctions/sign_div_unsign.inc                                  ;         ;
; aglobal181.inc                   ; yes             ; Megafunction                 ; c:/intelfpga_lite/18.1/quartus/libraries/megafunctions/aglobal181.inc                                       ;         ;
; db/lpm_divide_42m.tdf            ; yes             ; Auto-Generated Megafunction  ; C:/Users/josee/joscCE_JimF04_Sebas36762_digital_design_lab_2025/lab_2/problema_1/db/lpm_divide_42m.tdf      ;         ;
; db/sign_div_unsign_7kh.tdf       ; yes             ; Auto-Generated Megafunction  ; C:/Users/josee/joscCE_JimF04_Sebas36762_digital_design_lab_2025/lab_2/problema_1/db/sign_div_unsign_7kh.tdf ;         ;
; db/alt_u_div_kse.tdf             ; yes             ; Auto-Generated Megafunction  ; C:/Users/josee/joscCE_JimF04_Sebas36762_digital_design_lab_2025/lab_2/problema_1/db/alt_u_div_kse.tdf       ;         ;
+----------------------------------+-----------------+------------------------------+-------------------------------------------------------------------------------------------------------------+---------+


+-----------------------------------------------------+
; Analysis & Synthesis Resource Usage Summary         ;
+---------------------------------------------+-------+
; Resource                                    ; Usage ;
+---------------------------------------------+-------+
; Estimate of Logic utilization (ALMs needed) ; 89    ;
;                                             ;       ;
; Combinational ALUT usage for logic          ; 143   ;
;     -- 7 input functions                    ; 2     ;
;     -- 6 input functions                    ; 32    ;
;     -- 5 input functions                    ; 28    ;
;     -- 4 input functions                    ; 39    ;
;     -- <=3 input functions                  ; 42    ;
;                                             ;       ;
; Dedicated logic registers                   ; 12    ;
;                                             ;       ;
; I/O pins                                    ; 59    ;
;                                             ;       ;
; Total DSP Blocks                            ; 0     ;
;                                             ;       ;
; Maximum fan-out node                        ; op[0] ;
; Maximum fan-out                             ; 34    ;
; Total fan-out                               ; 738   ;
; Average fan-out                             ; 2.70  ;
+---------------------------------------------+-------+


+-------------------------------------------------------------------------------------------------------------------------------------------------------------------------------------------------------------------------------------------------------------------------------------------------------------------------+
; Analysis & Synthesis Resource Utilization by Entity                                                                                                                                                                                                                                                                     ;
+----------------------------------------------+---------------------+---------------------------+-------------------+------------+------+--------------+----------------------------------------------------------------------------------------------------------------------------+---------------------+--------------+
; Compilation Hierarchy Node                   ; Combinational ALUTs ; Dedicated Logic Registers ; Block Memory Bits ; DSP Blocks ; Pins ; Virtual Pins ; Full Hierarchy Name                                                                                                        ; Entity Name         ; Library Name ;
+----------------------------------------------+---------------------+---------------------------+-------------------+------------+------+--------------+----------------------------------------------------------------------------------------------------------------------------+---------------------+--------------+
; |Top_Calc                                    ; 143 (26)            ; 12 (12)                   ; 0                 ; 0          ; 59   ; 0            ; |Top_Calc                                                                                                                  ; Top_Calc            ; work         ;
;    |ALU:alu_inst|                            ; 101 (33)            ; 0 (0)                     ; 0                 ; 0          ; 0    ; 0            ; |Top_Calc|ALU:alu_inst                                                                                                     ; ALU                 ; work         ;
;       |FullAdder:adder_inst|                 ; 4 (0)               ; 0 (0)                     ; 0                 ; 0          ; 0    ; 0            ; |Top_Calc|ALU:alu_inst|FullAdder:adder_inst                                                                                ; FullAdder           ; work         ;
;          |fulladderbit:FA[1].FA_bit|         ; 2 (2)               ; 0 (0)                     ; 0                 ; 0          ; 0    ; 0            ; |Top_Calc|ALU:alu_inst|FullAdder:adder_inst|fulladderbit:FA[1].FA_bit                                                      ; fulladderbit        ; work         ;
;          |fulladderbit:FA[2].FA_bit|         ; 1 (1)               ; 0 (0)                     ; 0                 ; 0          ; 0    ; 0            ; |Top_Calc|ALU:alu_inst|FullAdder:adder_inst|fulladderbit:FA[2].FA_bit                                                      ; fulladderbit        ; work         ;
;          |fulladderbit:FA[3].FA_bit|         ; 1 (1)               ; 0 (0)                     ; 0                 ; 0          ; 0    ; 0            ; |Top_Calc|ALU:alu_inst|FullAdder:adder_inst|fulladderbit:FA[3].FA_bit                                                      ; fulladderbit        ; work         ;
;       |Multiplier:multi_inst|                ; 15 (15)             ; 0 (0)                     ; 0                 ; 0          ; 0    ; 0            ; |Top_Calc|ALU:alu_inst|Multiplier:multi_inst                                                                               ; Multiplier          ; work         ;
;       |top_div:div_inst|                     ; 28 (28)             ; 0 (0)                     ; 0                 ; 0          ; 0    ; 0            ; |Top_Calc|ALU:alu_inst|top_div:div_inst                                                                                    ; top_div             ; work         ;
;       |top_mod:mod_inst|                     ; 8 (8)               ; 0 (0)                     ; 0                 ; 0          ; 0    ; 0            ; |Top_Calc|ALU:alu_inst|top_mod:mod_inst                                                                                    ; top_mod             ; work         ;
;       |top_sub:sub_inst|                     ; 13 (7)              ; 0 (0)                     ; 0                 ; 0          ; 0    ; 0            ; |Top_Calc|ALU:alu_inst|top_sub:sub_inst                                                                                    ; top_sub             ; work         ;
;          |fullsubstract:sub_loop[0].fs_unit| ; 1 (1)               ; 0 (0)                     ; 0                 ; 0          ; 0    ; 0            ; |Top_Calc|ALU:alu_inst|top_sub:sub_inst|fullsubstract:sub_loop[0].fs_unit                                                  ; fullsubstract       ; work         ;
;          |fullsubstract:sub_loop[1].fs_unit| ; 1 (1)               ; 0 (0)                     ; 0                 ; 0          ; 0    ; 0            ; |Top_Calc|ALU:alu_inst|top_sub:sub_inst|fullsubstract:sub_loop[1].fs_unit                                                  ; fullsubstract       ; work         ;
;          |fullsubstract:sub_loop[2].fs_unit| ; 2 (2)               ; 0 (0)                     ; 0                 ; 0          ; 0    ; 0            ; |Top_Calc|ALU:alu_inst|top_sub:sub_inst|fullsubstract:sub_loop[2].fs_unit                                                  ; fullsubstract       ; work         ;
;          |fullsubstract:sub_loop[3].fs_unit| ; 2 (2)               ; 0 (0)                     ; 0                 ; 0          ; 0    ; 0            ; |Top_Calc|ALU:alu_inst|top_sub:sub_inst|fullsubstract:sub_loop[3].fs_unit                                                  ; fullsubstract       ; work         ;
;    |Decoder:dec_inst|                        ; 16 (7)              ; 0 (0)                     ; 0                 ; 0          ; 0    ; 0            ; |Top_Calc|Decoder:dec_inst                                                                                                 ; Decoder             ; work         ;
;       |lpm_divide:Mod0|                      ; 9 (0)               ; 0 (0)                     ; 0                 ; 0          ; 0    ; 0            ; |Top_Calc|Decoder:dec_inst|lpm_divide:Mod0                                                                                 ; lpm_divide          ; work         ;
;          |lpm_divide_42m:auto_generated|     ; 9 (0)               ; 0 (0)                     ; 0                 ; 0          ; 0    ; 0            ; |Top_Calc|Decoder:dec_inst|lpm_divide:Mod0|lpm_divide_42m:auto_generated                                                   ; lpm_divide_42m      ; work         ;
;             |sign_div_unsign_7kh:divider|    ; 9 (0)               ; 0 (0)                     ; 0                 ; 0          ; 0    ; 0            ; |Top_Calc|Decoder:dec_inst|lpm_divide:Mod0|lpm_divide_42m:auto_generated|sign_div_unsign_7kh:divider                       ; sign_div_unsign_7kh ; work         ;
;                |alt_u_div_kse:divider|       ; 9 (9)               ; 0 (0)                     ; 0                 ; 0          ; 0    ; 0            ; |Top_Calc|Decoder:dec_inst|lpm_divide:Mod0|lpm_divide_42m:auto_generated|sign_div_unsign_7kh:divider|alt_u_div_kse:divider ; alt_u_div_kse       ; work         ;
+----------------------------------------------+---------------------+---------------------------+-------------------+------------+------+--------------+----------------------------------------------------------------------------------------------------------------------------+---------------------+--------------+
Note: For table entries with two numbers listed, the numbers in parentheses indicate the number of resources of the given type used by the specific entity alone. The numbers listed outside of parentheses indicate the total resources of the given type used by the specific entity and all of its sub-entities in the hierarchy.


+--------------------------------------------------------------------------------+
; Registers Removed During Synthesis                                             ;
+---------------------------------------+----------------------------------------+
; Register name                         ; Reason for Removal                     ;
+---------------------------------------+----------------------------------------+
; flag[0]~reg0                          ; Stuck at GND due to stuck port data_in ;
; Total Number of Removed Registers = 1 ;                                        ;
+---------------------------------------+----------------------------------------+


+------------------------------------------------------+
; General Register Statistics                          ;
+----------------------------------------------+-------+
; Statistic                                    ; Value ;
+----------------------------------------------+-------+
; Total registers                              ; 12    ;
; Number of registers using Synchronous Clear  ; 0     ;
; Number of registers using Synchronous Load   ; 0     ;
; Number of registers using Asynchronous Clear ; 0     ;
; Number of registers using Asynchronous Load  ; 0     ;
; Number of registers using Clock Enable       ; 0     ;
; Number of registers using Preset             ; 0     ;
+----------------------------------------------+-------+


+------------------------------------------------------------------------------------------------------------------------------------------+
; Multiplexer Restructuring Statistics (Restructuring Performed)                                                                           ;
+--------------------+-----------+---------------+----------------------+------------------------+------------+----------------------------+
; Multiplexer Inputs ; Bus Width ; Baseline Area ; Area if Restructured ; Saving if Restructured ; Registered ; Example Multiplexer Output ;
+--------------------+-----------+---------------+----------------------+------------------------+------------+----------------------------+
; 3:1                ; 3 bits    ; 6 LEs         ; 6 LEs                ; 0 LEs                  ; No         ; |Top_Calc|seg0             ;
; 3:1                ; 5 bits    ; 10 LEs        ; 10 LEs               ; 0 LEs                  ; No         ; |Top_Calc|seg0             ;
+--------------------+-----------+---------------+----------------------+------------------------+------------+----------------------------+


+-----------------------------------------------------------+
; Parameter Settings for User Entity Instance: ALU:alu_inst ;
+----------------+-------+----------------------------------+
; Parameter Name ; Value ; Type                             ;
+----------------+-------+----------------------------------+
; N              ; 4     ; Signed Integer                   ;
+----------------+-------+----------------------------------+
Note: In order to hide this table in the UI and the text report file, please set the "Show Parameter Settings in Synthesis Report" option in "Analysis and Synthesis Settings -> More Settings" to "Off".


+----------------------------------------------------------------------------+
; Parameter Settings for User Entity Instance: ALU:alu_inst|top_mod:mod_inst ;
+----------------+-------+---------------------------------------------------+
; Parameter Name ; Value ; Type                                              ;
+----------------+-------+---------------------------------------------------+
; N              ; 4     ; Signed Integer                                    ;
+----------------+-------+---------------------------------------------------+
Note: In order to hide this table in the UI and the text report file, please set the "Show Parameter Settings in Synthesis Report" option in "Analysis and Synthesis Settings -> More Settings" to "Off".


+----------------------------------------------------------------------------+
; Parameter Settings for User Entity Instance: ALU:alu_inst|top_div:div_inst ;
+----------------+-------+---------------------------------------------------+
; Parameter Name ; Value ; Type                                              ;
+----------------+-------+---------------------------------------------------+
; N              ; 4     ; Signed Integer                                    ;
+----------------+-------+---------------------------------------------------+
Note: In order to hide this table in the UI and the text report file, please set the "Show Parameter Settings in Synthesis Report" option in "Analysis and Synthesis Settings -> More Settings" to "Off".


+---------------------------------------------------------------------------------+
; Parameter Settings for User Entity Instance: ALU:alu_inst|Multiplier:multi_inst ;
+----------------+-------+--------------------------------------------------------+
; Parameter Name ; Value ; Type                                                   ;
+----------------+-------+--------------------------------------------------------+
; N              ; 4     ; Signed Integer                                         ;
+----------------+-------+--------------------------------------------------------+
Note: In order to hide this table in the UI and the text report file, please set the "Show Parameter Settings in Synthesis Report" option in "Analysis and Synthesis Settings -> More Settings" to "Off".


+--------------------------------------------------------------------------------+
; Parameter Settings for User Entity Instance: ALU:alu_inst|FullAdder:adder_inst ;
+----------------+-------+-------------------------------------------------------+
; Parameter Name ; Value ; Type                                                  ;
+----------------+-------+-------------------------------------------------------+
; N              ; 4     ; Signed Integer                                        ;
+----------------+-------+-------------------------------------------------------+
Note: In order to hide this table in the UI and the text report file, please set the "Show Parameter Settings in Synthesis Report" option in "Analysis and Synthesis Settings -> More Settings" to "Off".


+----------------------------------------------------------------------------+
; Parameter Settings for User Entity Instance: ALU:alu_inst|top_sub:sub_inst ;
+----------------+-------+---------------------------------------------------+
; Parameter Name ; Value ; Type                                              ;
+----------------+-------+---------------------------------------------------+
; N              ; 4     ; Signed Integer                                    ;
+----------------+-------+---------------------------------------------------+
Note: In order to hide this table in the UI and the text report file, please set the "Show Parameter Settings in Synthesis Report" option in "Analysis and Synthesis Settings -> More Settings" to "Off".


+-----------------------------------------------------------------------------------+
; Parameter Settings for Inferred Entity Instance: Decoder:dec_inst|lpm_divide:Mod0 ;
+------------------------+----------------+-----------------------------------------+
; Parameter Name         ; Value          ; Type                                    ;
+------------------------+----------------+-----------------------------------------+
; LPM_WIDTHN             ; 4              ; Untyped                                 ;
; LPM_WIDTHD             ; 4              ; Untyped                                 ;
; LPM_NREPRESENTATION    ; UNSIGNED       ; Untyped                                 ;
; LPM_DREPRESENTATION    ; UNSIGNED       ; Untyped                                 ;
; LPM_PIPELINE           ; 0              ; Untyped                                 ;
; LPM_REMAINDERPOSITIVE  ; TRUE           ; Untyped                                 ;
; MAXIMIZE_SPEED         ; 5              ; Untyped                                 ;
; CBXI_PARAMETER         ; lpm_divide_42m ; Untyped                                 ;
; CARRY_CHAIN            ; MANUAL         ; Untyped                                 ;
; OPTIMIZE_FOR_SPEED     ; 5              ; Untyped                                 ;
; AUTO_CARRY_CHAINS      ; ON             ; AUTO_CARRY                              ;
; IGNORE_CARRY_BUFFERS   ; OFF            ; IGNORE_CARRY                            ;
; AUTO_CASCADE_CHAINS    ; ON             ; AUTO_CASCADE                            ;
; IGNORE_CASCADE_BUFFERS ; OFF            ; IGNORE_CASCADE                          ;
+------------------------+----------------+-----------------------------------------+
Note: In order to hide this table in the UI and the text report file, please set the "Show Parameter Settings in Synthesis Report" option in "Analysis and Synthesis Settings -> More Settings" to "Off".


+-----------------------------------------------------------+
; Port Connectivity Checks: "ALU:alu_inst|top_sub:sub_inst" ;
+------+-------+----------+---------------------------------+
; Port ; Type  ; Severity ; Details                         ;
+------+-------+----------+---------------------------------+
; cin  ; Input ; Info     ; Stuck at GND                    ;
+------+-------+----------+---------------------------------+


+---------------------------------------------------------------+
; Port Connectivity Checks: "ALU:alu_inst|FullAdder:adder_inst" ;
+------+-------+----------+-------------------------------------+
; Port ; Type  ; Severity ; Details                             ;
+------+-------+----------+-------------------------------------+
; cin  ; Input ; Info     ; Stuck at GND                        ;
+------+-------+----------+-------------------------------------+


+-----------------------------------------------------+
; Post-Synthesis Netlist Statistics for Top Partition ;
+-----------------------+-----------------------------+
; Type                  ; Count                       ;
+-----------------------+-----------------------------+
; arriav_ff             ; 12                          ;
;     plain             ; 12                          ;
; arriav_lcell_comb     ; 149                         ;
;     arith             ; 25                          ;
;         0 data inputs ; 5                           ;
;         2 data inputs ; 3                           ;
;         3 data inputs ; 8                           ;
;         4 data inputs ; 5                           ;
;         5 data inputs ; 4                           ;
;     extend            ; 2                           ;
;         7 data inputs ; 2                           ;
;     normal            ; 117                         ;
;         0 data inputs ; 2                           ;
;         1 data inputs ; 5                           ;
;         2 data inputs ; 8                           ;
;         3 data inputs ; 12                          ;
;         4 data inputs ; 34                          ;
;         5 data inputs ; 24                          ;
;         6 data inputs ; 32                          ;
;     shared            ; 5                           ;
;         0 data inputs ; 1                           ;
;         1 data inputs ; 4                           ;
; boundary_port         ; 59                          ;
;                       ;                             ;
; Max LUT depth         ; 8.00                        ;
; Average LUT depth     ; 5.01                        ;
+-----------------------+-----------------------------+


+-------------------------------+
; Elapsed Time Per Partition    ;
+----------------+--------------+
; Partition Name ; Elapsed Time ;
+----------------+--------------+
; Top            ; 00:00:00     ;
+----------------+--------------+


+-------------------------------+
; Analysis & Synthesis Messages ;
+-------------------------------+
Info: *******************************************************************
Info: Running Quartus Prime Analysis & Synthesis
    Info: Version 18.1.0 Build 625 09/12/2018 SJ Lite Edition
    Info: Processing started: Thu Mar 27 23:58:58 2025
Info: Command: quartus_map --read_settings_files=on --write_settings_files=off Top_Calc -c Top_Calc
Warning (18236): Number of processors has not been specified which may cause overloading on shared machines.  Set the global assignment NUM_PARALLEL_PROCESSORS in your QSF to an appropriate value for best performance.
Info (20030): Parallel compilation is enabled and will use 4 of the 4 processors detected
Info (12021): Found 2 design units, including 2 entities, in source file top_sub.sv
    Info (12023): Found entity 1: fullsubstract File: C:/Users/josee/joscCE_JimF04_Sebas36762_digital_design_lab_2025/lab_2/problema_1/top_sub.sv Line: 2
    Info (12023): Found entity 2: top_sub File: C:/Users/josee/joscCE_JimF04_Sebas36762_digital_design_lab_2025/lab_2/problema_1/top_sub.sv Line: 13
Info (12021): Found 1 design units, including 1 entities, in source file top_mod_tb.sv
    Info (12023): Found entity 1: top_mod_tb File: C:/Users/josee/joscCE_JimF04_Sebas36762_digital_design_lab_2025/lab_2/problema_1/top_mod_tb.sv Line: 3
Info (12021): Found 1 design units, including 1 entities, in source file top_mod.sv
    Info (12023): Found entity 1: top_mod File: C:/Users/josee/joscCE_JimF04_Sebas36762_digital_design_lab_2025/lab_2/problema_1/top_mod.sv Line: 1
Info (12021): Found 1 design units, including 1 entities, in source file top_div_tb.sv
    Info (12023): Found entity 1: top_div_tb File: C:/Users/josee/joscCE_JimF04_Sebas36762_digital_design_lab_2025/lab_2/problema_1/top_div_tb.sv Line: 3
Info (12021): Found 1 design units, including 1 entities, in source file top_div.sv
    Info (12023): Found entity 1: top_div File: C:/Users/josee/joscCE_JimF04_Sebas36762_digital_design_lab_2025/lab_2/problema_1/top_div.sv Line: 1
Info (12021): Found 1 design units, including 1 entities, in source file tb_top_sub.sv
    Info (12023): Found entity 1: tb_top_sub File: C:/Users/josee/joscCE_JimF04_Sebas36762_digital_design_lab_2025/lab_2/problema_1/tb_top_sub.sv Line: 3
Info (12021): Found 1 design units, including 1 entities, in source file tb_fullsubstract.sv
    Info (12023): Found entity 1: tb_fullsubstract File: C:/Users/josee/joscCE_JimF04_Sebas36762_digital_design_lab_2025/lab_2/problema_1/tb_fullsubstract.sv Line: 1
Info (12021): Found 1 design units, including 1 entities, in source file top_calc.sv
    Info (12023): Found entity 1: Top_Calc File: C:/Users/josee/joscCE_JimF04_Sebas36762_digital_design_lab_2025/lab_2/problema_1/Top_Calc.sv Line: 1
Info (12021): Found 1 design units, including 1 entities, in source file multiplier.sv
    Info (12023): Found entity 1: Multiplier File: C:/Users/josee/joscCE_JimF04_Sebas36762_digital_design_lab_2025/lab_2/problema_1/Multiplier.sv Line: 1
Info (12021): Found 1 design units, including 1 entities, in source file fulladderbit.sv
    Info (12023): Found entity 1: fulladderbit File: C:/Users/josee/joscCE_JimF04_Sebas36762_digital_design_lab_2025/lab_2/problema_1/fulladderbit.sv Line: 1
Info (12021): Found 1 design units, including 1 entities, in source file fulladder.sv
    Info (12023): Found entity 1: FullAdder File: C:/Users/josee/joscCE_JimF04_Sebas36762_digital_design_lab_2025/lab_2/problema_1/FullAdder.sv Line: 1
Info (12021): Found 1 design units, including 1 entities, in source file multiplier_tb.sv
    Info (12023): Found entity 1: Multiplier_tb File: C:/Users/josee/joscCE_JimF04_Sebas36762_digital_design_lab_2025/lab_2/problema_1/Multiplier_tb.sv Line: 2
Info (12021): Found 1 design units, including 1 entities, in source file alu.sv
    Info (12023): Found entity 1: ALU File: C:/Users/josee/joscCE_JimF04_Sebas36762_digital_design_lab_2025/lab_2/problema_1/ALU.sv Line: 1
Info (12021): Found 1 design units, including 1 entities, in source file alu_tb.sv
    Info (12023): Found entity 1: ALU_tb File: C:/Users/josee/joscCE_JimF04_Sebas36762_digital_design_lab_2025/lab_2/problema_1/ALU_tb.sv Line: 3
Info (12021): Found 1 design units, including 1 entities, in source file decoder.sv
    Info (12023): Found entity 1: Decoder File: C:/Users/josee/joscCE_JimF04_Sebas36762_digital_design_lab_2025/lab_2/problema_1/Decoder.sv Line: 1
Warning (10229): Verilog HDL Expression warning at tb_Top_Calc.sv(130): truncated literal to match 4 bits File: C:/Users/josee/joscCE_JimF04_Sebas36762_digital_design_lab_2025/lab_2/problema_1/tb_Top_Calc.sv Line: 130
Info (12021): Found 1 design units, including 1 entities, in source file tb_top_calc.sv
    Info (12023): Found entity 1: tb_Top_Calc File: C:/Users/josee/joscCE_JimF04_Sebas36762_digital_design_lab_2025/lab_2/problema_1/tb_Top_Calc.sv Line: 1
Info (12021): Found 1 design units, including 1 entities, in source file decoder_bin.sv
    Info (12023): Found entity 1: Decoder_bin File: C:/Users/josee/joscCE_JimF04_Sebas36762_digital_design_lab_2025/lab_2/problema_1/Decoder_bin.sv Line: 1
Info (12021): Found 1 design units, including 1 entities, in source file alu_timing_test.sv
    Info (12023): Found entity 1: alu_timing_test File: C:/Users/josee/joscCE_JimF04_Sebas36762_digital_design_lab_2025/lab_2/problema_1/alu_timing_test.sv Line: 1
Info (12127): Elaborating entity "Top_Calc" for the top level hierarchy
Info (12128): Elaborating entity "ALU" for hierarchy "ALU:alu_inst" File: C:/Users/josee/joscCE_JimF04_Sebas36762_digital_design_lab_2025/lab_2/problema_1/Top_Calc.sv Line: 25
Info (12128): Elaborating entity "top_mod" for hierarchy "ALU:alu_inst|top_mod:mod_inst" File: C:/Users/josee/joscCE_JimF04_Sebas36762_digital_design_lab_2025/lab_2/problema_1/ALU.sv Line: 20
Info (12128): Elaborating entity "top_div" for hierarchy "ALU:alu_inst|top_div:div_inst" File: C:/Users/josee/joscCE_JimF04_Sebas36762_digital_design_lab_2025/lab_2/problema_1/ALU.sv Line: 27
Info (12128): Elaborating entity "Multiplier" for hierarchy "ALU:alu_inst|Multiplier:multi_inst" File: C:/Users/josee/joscCE_JimF04_Sebas36762_digital_design_lab_2025/lab_2/problema_1/ALU.sv Line: 34
Info (12128): Elaborating entity "FullAdder" for hierarchy "ALU:alu_inst|FullAdder:adder_inst" File: C:/Users/josee/joscCE_JimF04_Sebas36762_digital_design_lab_2025/lab_2/problema_1/ALU.sv Line: 42
Info (12128): Elaborating entity "fulladderbit" for hierarchy "ALU:alu_inst|FullAdder:adder_inst|fulladderbit:FA[0].FA_bit" File: C:/Users/josee/joscCE_JimF04_Sebas36762_digital_design_lab_2025/lab_2/problema_1/FullAdder.sv Line: 22
Info (12128): Elaborating entity "top_sub" for hierarchy "ALU:alu_inst|top_sub:sub_inst" File: C:/Users/josee/joscCE_JimF04_Sebas36762_digital_design_lab_2025/lab_2/problema_1/ALU.sv Line: 51
Info (12128): Elaborating entity "fullsubstract" for hierarchy "ALU:alu_inst|top_sub:sub_inst|fullsubstract:sub_loop[0].fs_unit" File: C:/Users/josee/joscCE_JimF04_Sebas36762_digital_design_lab_2025/lab_2/problema_1/top_sub.sv Line: 37
Info (12128): Elaborating entity "Decoder" for hierarchy "Decoder:dec_inst" File: C:/Users/josee/joscCE_JimF04_Sebas36762_digital_design_lab_2025/lab_2/problema_1/Top_Calc.sv Line: 68
Warning (10230): Verilog HDL assignment warning at Decoder.sv(13): truncated value with size 32 to match size of target (4) File: C:/Users/josee/joscCE_JimF04_Sebas36762_digital_design_lab_2025/lab_2/problema_1/Decoder.sv Line: 13
Info (12128): Elaborating entity "Decoder_bin" for hierarchy "Decoder_bin:dec_bin_inst" File: C:/Users/josee/joscCE_JimF04_Sebas36762_digital_design_lab_2025/lab_2/problema_1/Top_Calc.sv Line: 77
Info (278001): Inferred 1 megafunctions from design logic
    Info (278004): Inferred divider/modulo megafunction ("lpm_divide") from the following logic: "Decoder:dec_inst|Mod0" File: C:/Users/josee/joscCE_JimF04_Sebas36762_digital_design_lab_2025/lab_2/problema_1/Decoder.sv Line: 13
Info (12130): Elaborated megafunction instantiation "Decoder:dec_inst|lpm_divide:Mod0" File: C:/Users/josee/joscCE_JimF04_Sebas36762_digital_design_lab_2025/lab_2/problema_1/Decoder.sv Line: 13
Info (12133): Instantiated megafunction "Decoder:dec_inst|lpm_divide:Mod0" with the following parameter: File: C:/Users/josee/joscCE_JimF04_Sebas36762_digital_design_lab_2025/lab_2/problema_1/Decoder.sv Line: 13
    Info (12134): Parameter "LPM_WIDTHN" = "4"
    Info (12134): Parameter "LPM_WIDTHD" = "4"
    Info (12134): Parameter "LPM_NREPRESENTATION" = "UNSIGNED"
    Info (12134): Parameter "LPM_DREPRESENTATION" = "UNSIGNED"
Info (12021): Found 1 design units, including 1 entities, in source file db/lpm_divide_42m.tdf
    Info (12023): Found entity 1: lpm_divide_42m File: C:/Users/josee/joscCE_JimF04_Sebas36762_digital_design_lab_2025/lab_2/problema_1/db/lpm_divide_42m.tdf Line: 24
Info (12021): Found 1 design units, including 1 entities, in source file db/sign_div_unsign_7kh.tdf
    Info (12023): Found entity 1: sign_div_unsign_7kh File: C:/Users/josee/joscCE_JimF04_Sebas36762_digital_design_lab_2025/lab_2/problema_1/db/sign_div_unsign_7kh.tdf Line: 24
Info (12021): Found 1 design units, including 1 entities, in source file db/alt_u_div_kse.tdf
    Info (12023): Found entity 1: alt_u_div_kse File: C:/Users/josee/joscCE_JimF04_Sebas36762_digital_design_lab_2025/lab_2/problema_1/db/alt_u_div_kse.tdf Line: 22
Warning (13024): Output pins are stuck at VCC or GND
    Warning (13410): Pin "seg1[0]" is stuck at VCC File: C:/Users/josee/joscCE_JimF04_Sebas36762_digital_design_lab_2025/lab_2/problema_1/Top_Calc.sv Line: 4
    Warning (13410): Pin "seg0[0]" is stuck at VCC File: C:/Users/josee/joscCE_JimF04_Sebas36762_digital_design_lab_2025/lab_2/problema_1/Top_Calc.sv Line: 4
    Warning (13410): Pin "seg2[0]" is stuck at VCC File: C:/Users/josee/joscCE_JimF04_Sebas36762_digital_design_lab_2025/lab_2/problema_1/Top_Calc.sv Line: 4
    Warning (13410): Pin "seg3[0]" is stuck at VCC File: C:/Users/josee/joscCE_JimF04_Sebas36762_digital_design_lab_2025/lab_2/problema_1/Top_Calc.sv Line: 4
    Warning (13410): Pin "seg3[1]" is stuck at VCC File: C:/Users/josee/joscCE_JimF04_Sebas36762_digital_design_lab_2025/lab_2/problema_1/Top_Calc.sv Line: 4
    Warning (13410): Pin "seg4[0]" is stuck at VCC File: C:/Users/josee/joscCE_JimF04_Sebas36762_digital_design_lab_2025/lab_2/problema_1/Top_Calc.sv Line: 4
    Warning (13410): Pin "flag[0]" is stuck at GND File: C:/Users/josee/joscCE_JimF04_Sebas36762_digital_design_lab_2025/lab_2/problema_1/Top_Calc.sv Line: 53
Info (286030): Timing-Driven Synthesis is running
Info (16010): Generating hard_block partition "hard_block:auto_generated_inst"
    Info (16011): Adding 0 node(s), including 0 DDIO, 0 PLL, 0 transceiver and 0 LCELL
Info (21057): Implemented 206 device resources after synthesis - the final resource count might be different
    Info (21058): Implemented 10 input pins
    Info (21059): Implemented 49 output pins
    Info (21061): Implemented 147 logic cells
Info: Quartus Prime Analysis & Synthesis was successful. 0 errors, 11 warnings
    Info: Peak virtual memory: 4838 megabytes
    Info: Processing ended: Thu Mar 27 23:59:10 2025
    Info: Elapsed time: 00:00:12
    Info: Total CPU time (on all processors): 00:00:25


